g22123082@cloudshell:~$ cd python-docs-samples/appengine/standard_python3/hello-world
-bash: cd: python-docs-samples/appengine/standard_python3/hello-world: No such file or directory
g22123082@cloudshell:~$ ls
CCpract1  ccpract2  hello-world  python-docs-samples  README-cloudshell.txt
g22123082@cloudshell:~$ cd hello-world
g22123082@cloudshell:~/hello-world$ gcloud app deploy
Receiving objects: 100% (8/8), done.
Resolving deltas: 100% (1/1), done.
g22123082@cloudshell:~$ cd python-docs-sample/appengine/standard_python3/hello-world
-bash: cd: python-docs-sample/appengine/standard_python3/hello-world: No such file or directory
g22123082@cloudshell:~$ cd python-docs-samples/appengine/standard_python3/hello-world
-bash: cd: python-docs-samples/appengine/standard_python3/hello-world: No such file or directory
g22123082@cloudshell:~$ cd hello-world
g22123082@cloudshell:~/hello-world$ gcloud app deploy
ERROR: (gcloud.app.deploy) The required property [project] is not currently set.
It can be set on a per-command basis by re-running your command with the [--project] flag.

You may set it for your current workspace by running:

  $ gcloud config set project VALUE

or it can be set temporarily by the environment variable [CLOUDSDK_CORE_PROJECT]
g22123082@cloudshell:~/hello-world$ gcloud config set project 
^C
g22123082@cloudshell:~/hello-world$ gcloud config set project   virajnew11
Updated property [core/project].
g22123082@cloudshell:~/hello-world (virajnew11)$ gcloud app deploy
You are creating an app for project [virajnew11].
WARNING: Creating an App Engine application for a project is irreversible and the region
cannot be changed. More information about regions is at
<https://cloud.google.com/appengine/docs/locations>.

WARNING: Starting from March, 2025, App Engine sets the automatic scaling maximum instances
default for standard environment deployments to 20. This change doesn't impact
existing apps. To override the default, specify the new max_instances value in your
app.yaml file, and deploy a new version or redeploy over an existing version.
For more details on max_instances, see
<https://cloud.google.com/appengine/docs/standard/reference/app-yaml.md#scaling_elements>.

Please choose the region where you want your App Engine application located:

 [1] asia-east1    (supports standard and flexible)
 [2] asia-east2    (supports standard and flexible and search_api)
 [3] asia-northeast1 (supports standard and flexible and search_api)
 [4] asia-northeast2 (supports standard and flexible and search_api)
 [5] asia-northeast3 (supports standard and flexible and search_api)
 [6] asia-south1   (supports standard and flexible and search_api)
 [7] asia-southeast1 (supports standard and flexible)
 [8] asia-southeast2 (supports standard and flexible and search_api)
 [9] australia-southeast1 (supports standard and flexible and search_api)
 [10] europe-central2 (supports standard and flexible)
 [11] europe-west   (supports standard and flexible and search_api)
 [12] europe-west2  (supports standard and flexible and search_api)
 [13] europe-west3  (supports standard and flexible and search_api)
 [14] europe-west6  (supports standard and flexible and search_api)
 [15] northamerica-northeast1 (supports standard and flexible and search_api)
 [16] southamerica-east1 (supports standard and flexible and search_api)
 [17] us-central    (supports standard and flexible and search_api)
 [18] us-east1      (supports standard and flexible and search_api)
 [19] us-east4      (supports standard and flexible and search_api)
 [20] us-west1      (supports standard and flexible)
 [21] us-west2      (supports standard and flexible and search_api)
 [22] us-west3      (supports standard and flexible and search_api)
 [23] us-west4      (supports standard and flexible and search_api)
 [24] cancel
Please enter your numeric choice:  6

ERROR: (gcloud.app.deploy) INVALID_ARGUMENT: The project must have a billing account attached.
g22123082@cloudshell:~/hello-world (virajnew11)$ gcloud app deploy
You are creating an app for project [virajnew11].
WARNING: Creating an App Engine application for a project is irreversible and the region
cannot be changed. More information about regions is at
<https://cloud.google.com/appengine/docs/locations>.

WARNING: Starting from March, 2025, App Engine sets the automatic scaling maximum instances
default for standard environment deployments to 20. This change doesn't impact
existing apps. To override the default, specify the new max_instances value in your
app.yaml file, and deploy a new version or redeploy over an existing version.
For more details on max_instances, see
<https://cloud.google.com/appengine/docs/standard/reference/app-yaml.md#scaling_elements>.

Please choose the region where you want your App Engine application located:

 [1] asia-east1    (supports standard and flexible)
 [2] asia-east2    (supports standard and flexible and search_api)
 [3] asia-northeast1 (supports standard and flexible and search_api)
 [4] asia-northeast2 (supports standard and flexible and search_api)
 [5] asia-northeast3 (supports standard and flexible and search_api)
 [6] asia-south1   (supports standard and flexible and search_api)
 [7] asia-southeast1 (supports standard and flexible)
 [8] asia-southeast2 (supports standard and flexible and search_api)
 [9] australia-southeast1 (supports standard and flexible and search_api)
 [10] europe-central2 (supports standard and flexible)
 [11] europe-west   (supports standard and flexible and search_api)
 [12] europe-west2  (supports standard and flexible and search_api)
 [13] europe-west3  (supports standard and flexible and search_api)
 [14] europe-west6  (supports standard and flexible and search_api)
 [15] northamerica-northeast1 (supports standard and flexible and search_api)
 [16] southamerica-east1 (supports standard and flexible and search_api)
 [17] us-central    (supports standard and flexible and search_api)
 [18] us-east1      (supports standard and flexible and search_api)
 [19] us-east4      (supports standard and flexible and search_api)
 [20] us-west1      (supports standard and flexible)
 [21] us-west2      (supports standard and flexible and search_api)
 [22] us-west3      (supports standard and flexible and search_api)
 [23] us-west4      (supports standard and flexible and search_api)
 [24] cancel
Please enter your numeric choice:  6   

Creating App Engine application in project [virajnew11] and region [asia-south1]....done.                                                                                                       
Services to deploy:

descriptor:                  [/home/g22123082/hello-world/app.yaml]
source:                      [/home/g22123082/hello-world]
target project:              [virajnew11]
target service:              [default]
target version:              [20250508t134917]
target url:                  [https://virajnew11.el.r.appspot.com]
target service account:      [virajnew11@appspot.gserviceaccount.com]


Do you want to continue (Y/n)?  y

Enabling service [appengineflex.googleapis.com] on project [virajnew11]...
Operation "operations/acf.p2-551263336266-ee54901d-f27b-46eb-b8e5-8a61689446d1" finished successfully.
Beginning deployment of service [default]...
Uploading 7 files to Google Cloud Storage
14%
29%
43%
57%
71%
86%
100%
100%
File upload done.
Updating service [default] (this may take several minutes)...done.                                                                                                                              
Waiting for build to complete. Polling interval: 1 second(s).
-------------------------------------------------------------------------------------- REMOTE BUILD OUTPUT --------------------------------------------------------------------------------------
starting build "1ebbc4ed-0863-405c-86a5-13d1af9269ec"

FETCHSOURCE
BUILD
Starting Step #0 - "fetch"
Step #0 - "fetch": Pulling image: asia-south1-docker.pkg.dev/serverless-runtimes/utilities/gcs-fetcher:base_20250418_18_04_RC00
Step #0 - "fetch": base_20250418_18_04_RC00: Pulling from serverless-runtimes/utilities/gcs-fetcher
Step #0 - "fetch": ed813c940ebb: Pulling fs layer
Step #0 - "fetch": ed813c940ebb: Verifying Checksum
Step #0 - "fetch": ed813c940ebb: Download complete
Step #0 - "fetch": ed813c940ebb: Pull complete
Step #0 - "fetch": Digest: sha256:8f07bdf52df2ebca4c684316352f623fd08a395a1cafaf1d1c8f1024f317d87f
Step #0 - "fetch": Status: Downloaded newer image for asia-south1-docker.pkg.dev/serverless-runtimes/utilities/gcs-fetcher:base_20250418_18_04_RC00
Step #0 - "fetch": asia-south1-docker.pkg.dev/serverless-runtimes/utilities/gcs-fetcher:base_20250418_18_04_RC00
Step #0 - "fetch": Fetching manifest gs://staging.virajnew11.appspot.com/ae/fc93715a-80f6-4e1b-8260-0d8ab0f32ae2/manifest.json.
Step #0 - "fetch": Processing 7 files.
Step #0 - "fetch": ******************************************************
Step #0 - "fetch": Status:                      SUCCESS
Step #0 - "fetch": Started:                     2025-05-08T13:51:33Z
Step #0 - "fetch": Completed:                   2025-05-08T13:51:37Z
Step #0 - "fetch": Requested workers:    200
Step #0 - "fetch": Actual workers:         7
Step #0 - "fetch": Total files:            7
Step #0 - "fetch": Total retries:          3
Step #0 - "fetch": GCS timeouts:           3
Step #0 - "fetch": MiB downloaded:         0.00 MiB
Step #0 - "fetch": MiB/s throughput:       0.00 MiB/s
Step #0 - "fetch": Time for manifest:   1565.46 ms
Step #0 - "fetch": Total time:             4.20 s
Step #0 - "fetch": ******************************************************
Finished Step #0 - "fetch"
Starting Step #1 - "pre-buildpack"
Step #1 - "pre-buildpack": Pulling image: asia-south1-docker.pkg.dev/serverless-runtimes/google-22-full/builder/python:python_20250504_RC00
Step #1 - "pre-buildpack": python_20250504_RC00: Pulling from serverless-runtimes/google-22-full/builder/python
Step #1 - "pre-buildpack": c7ff1e1c28ca: Already exists
Step #1 - "pre-buildpack": 9757d2490321: Already exists
Step #1 - "pre-buildpack": 94da7f397396: Already exists
Step #1 - "pre-buildpack": c23f95ee1497: Pulling fs layer
Step #1 - "pre-buildpack": 3ea601291738: Pulling fs layer
Step #1 - "pre-buildpack": 2e09478eca6a: Pulling fs layer
Step #1 - "pre-buildpack": 225854c3ed5a: Pulling fs layer
Step #1 - "pre-buildpack": a57849360777: Pulling fs layer
Step #1 - "pre-buildpack": 3e14b153061e: Pulling fs layer
Step #1 - "pre-buildpack": fe0a88c014e5: Pulling fs layer
Step #1 - "pre-buildpack": 1a82443b3661: Pulling fs layer
Step #1 - "pre-buildpack": 96fc089b2e8a: Pulling fs layer
Step #1 - "pre-buildpack": 93062e971f53: Pulling fs layer
Step #1 - "pre-buildpack": 6aff7dbc197b: Pulling fs layer
Step #1 - "pre-buildpack": a4e715851f6f: Pulling fs layer
Step #1 - "pre-buildpack": b945d3b0b07a: Pulling fs layer
Step #1 - "pre-buildpack": fa7b81d5d583: Pulling fs layer
Step #1 - "pre-buildpack": ab435ac499b4: Pulling fs layer
Step #1 - "pre-buildpack": c1429c8af8cb: Pulling fs layer
Step #1 - "pre-buildpack": 422f49e62160: Pulling fs layer
Step #1 - "pre-buildpack": 15c728d663b7: Pulling fs layer
Step #1 - "pre-buildpack": 5420f5a5932b: Pulling fs layer
Step #1 - "pre-buildpack": 6d0dbaaec8a4: Pulling fs layer
Step #1 - "pre-buildpack": 9da0c55b4d56: Pulling fs layer
Step #1 - "pre-buildpack": 34ce8ba30961: Pulling fs layer
Step #1 - "pre-buildpack": e6178d2c0976: Pulling fs layer
Step #1 - "pre-buildpack": 4f4fb700ef54: Pulling fs layer
Step #1 - "pre-buildpack": 3e14b153061e: Waiting
Step #1 - "pre-buildpack": fe0a88c014e5: Waiting
Step #1 - "pre-buildpack": 1a82443b3661: Waiting
Step #1 - "pre-buildpack": 96fc089b2e8a: Waiting
Step #1 - "pre-buildpack": 93062e971f53: Waiting
Step #1 - "pre-buildpack": 6aff7dbc197b: Waiting
Step #1 - "pre-buildpack": a4e715851f6f: Waiting
Step #1 - "pre-buildpack": b945d3b0b07a: Waiting
Step #1 - "pre-buildpack": fa7b81d5d583: Waiting
Step #1 - "pre-buildpack": ab435ac499b4: Waiting
Step #1 - "pre-buildpack": 225854c3ed5a: Waiting
Step #1 - "pre-buildpack": a57849360777: Waiting
Step #1 - "pre-buildpack": c1429c8af8cb: Waiting
Step #1 - "pre-buildpack": 422f49e62160: Waiting
Step #1 - "pre-buildpack": 15c728d663b7: Waiting
Step #1 - "pre-buildpack": 5420f5a5932b: Waiting
Step #1 - "pre-buildpack": 6d0dbaaec8a4: Waiting
Step #1 - "pre-buildpack": 9da0c55b4d56: Waiting
Step #1 - "pre-buildpack": 34ce8ba30961: Waiting
Step #1 - "pre-buildpack": e6178d2c0976: Waiting
Step #1 - "pre-buildpack": 4f4fb700ef54: Waiting
Step #1 - "pre-buildpack": 3ea601291738: Download complete
Step #1 - "pre-buildpack": 225854c3ed5a: Verifying Checksum
Step #1 - "pre-buildpack": 225854c3ed5a: Download complete
Step #1 - "pre-buildpack": c23f95ee1497: Verifying Checksum
Step #1 - "pre-buildpack": c23f95ee1497: Download complete
Step #1 - "pre-buildpack": c23f95ee1497: Pull complete
Step #1 - "pre-buildpack": 3ea601291738: Pull complete
Step #1 - "pre-buildpack": 2e09478eca6a: Verifying Checksum
Step #1 - "pre-buildpack": 2e09478eca6a: Pull complete
Step #1 - "pre-buildpack": 225854c3ed5a: Pull complete
Step #1 - "pre-buildpack": fe0a88c014e5: Download complete
Step #1 - "pre-buildpack": a57849360777: Verifying Checksum
Step #1 - "pre-buildpack": a57849360777: Download complete
Step #1 - "pre-buildpack": a57849360777: Pull complete
Step #1 - "pre-buildpack": 1a82443b3661: Verifying Checksum
Step #1 - "pre-buildpack": 1a82443b3661: Download complete
Step #1 - "pre-buildpack": 3e14b153061e: Verifying Checksum
Step #1 - "pre-buildpack": 3e14b153061e: Download complete
Step #1 - "pre-buildpack": 3e14b153061e: Pull complete
Step #1 - "pre-buildpack": fe0a88c014e5: Pull complete
Step #1 - "pre-buildpack": 1a82443b3661: Pull complete
Step #1 - "pre-buildpack": 6aff7dbc197b: Verifying Checksum
Step #1 - "pre-buildpack": 6aff7dbc197b: Download complete
Step #1 - "pre-buildpack": 93062e971f53: Verifying Checksum
Step #1 - "pre-buildpack": 93062e971f53: Download complete
Step #1 - "pre-buildpack": 96fc089b2e8a: Verifying Checksum
Step #1 - "pre-buildpack": 96fc089b2e8a: Download complete
Step #1 - "pre-buildpack": 96fc089b2e8a: Pull complete
Step #1 - "pre-buildpack": 93062e971f53: Pull complete
Step #1 - "pre-buildpack": 6aff7dbc197b: Pull complete
Step #1 - "pre-buildpack": a4e715851f6f: Verifying Checksum
Step #1 - "pre-buildpack": a4e715851f6f: Download complete
Step #1 - "pre-buildpack": a4e715851f6f: Pull complete
Step #1 - "pre-buildpack": b945d3b0b07a: Verifying Checksum
Step #1 - "pre-buildpack": b945d3b0b07a: Download complete
Step #1 - "pre-buildpack": fa7b81d5d583: Verifying Checksum
Step #1 - "pre-buildpack": fa7b81d5d583: Download complete
Step #1 - "pre-buildpack": b945d3b0b07a: Pull complete
Step #1 - "pre-buildpack": fa7b81d5d583: Pull complete
Step #1 - "pre-buildpack": ab435ac499b4: Verifying Checksum
Step #1 - "pre-buildpack": ab435ac499b4: Download complete
Step #1 - "pre-buildpack": ab435ac499b4: Pull complete
Step #1 - "pre-buildpack": c1429c8af8cb: Download complete
Step #1 - "pre-buildpack": c1429c8af8cb: Pull complete
Step #1 - "pre-buildpack": 422f49e62160: Verifying Checksum
Step #1 - "pre-buildpack": 422f49e62160: Download complete
Step #1 - "pre-buildpack": 422f49e62160: Pull complete
Step #1 - "pre-buildpack": 15c728d663b7: Verifying Checksum
Step #1 - "pre-buildpack": 15c728d663b7: Download complete
Step #1 - "pre-buildpack": 15c728d663b7: Pull complete
Step #1 - "pre-buildpack": 5420f5a5932b: Verifying Checksum
Step #1 - "pre-buildpack": 5420f5a5932b: Download complete
Step #1 - "pre-buildpack": 5420f5a5932b: Pull complete
Step #1 - "pre-buildpack": 6d0dbaaec8a4: Verifying Checksum
Step #1 - "pre-buildpack": 6d0dbaaec8a4: Download complete
Step #1 - "pre-buildpack": 6d0dbaaec8a4: Pull complete
Step #1 - "pre-buildpack": 9da0c55b4d56: Verifying Checksum
Step #1 - "pre-buildpack": 9da0c55b4d56: Download complete
Step #1 - "pre-buildpack": 9da0c55b4d56: Pull complete
Step #1 - "pre-buildpack": 34ce8ba30961: Verifying Checksum
Step #1 - "pre-buildpack": 34ce8ba30961: Download complete
Step #1 - "pre-buildpack": 34ce8ba30961: Pull complete
Step #1 - "pre-buildpack": e6178d2c0976: Verifying Checksum
Step #1 - "pre-buildpack": e6178d2c0976: Download complete
Step #1 - "pre-buildpack": e6178d2c0976: Pull complete
Step #1 - "pre-buildpack": 4f4fb700ef54: Download complete
Step #1 - "pre-buildpack": 4f4fb700ef54: Pull complete
Step #1 - "pre-buildpack": Digest: sha256:7fa66a80452938973b12222c23949a6f1ab5267c87a659329d9acaa2f9c42774
Step #1 - "pre-buildpack": Status: Downloaded newer image for asia-south1-docker.pkg.dev/serverless-runtimes/google-22-full/builder/python:python_20250504_RC00
Step #1 - "pre-buildpack": asia-south1-docker.pkg.dev/serverless-runtimes/google-22-full/builder/python:python_20250504_RC00
Step #1 - "pre-buildpack": Preparing directory /layers
Step #1 - "pre-buildpack": Preparing directory /workspace
Step #1 - "pre-buildpack": Preparing directory /builder/home
Step #1 - "pre-buildpack": Preparing directory /builder/outputs
Step #1 - "pre-buildpack": Preparing directory /platform/env
Step #1 - "pre-buildpack": Passing build environment variable BUILDER_OUTPUT to buildpacks
Step #1 - "pre-buildpack": Passing build environment variable GOOGLE_RUNTIME to buildpacks
Step #1 - "pre-buildpack": Passing build environment variable GOOGLE_LABEL_BUILDER_VERSION to buildpacks
Step #1 - "pre-buildpack": Passing build environment variable GOOGLE_LABEL_BUILDER_IMAGE to buildpacks
Step #1 - "pre-buildpack": Passing build environment variable GOOGLE_LABEL_RUN_IMAGE to buildpacks
Step #1 - "pre-buildpack": Passing build environment variable GOOGLE_LABEL_SOURCE to buildpacks
Step #1 - "pre-buildpack": Passing build environment variable GOOGLE_RUNTIME_IMAGE_REGION to buildpacks
Step #1 - "pre-buildpack": Passing build environment variable GOOGLE_FLEX_MIN_VERSION to buildpacks
Step #1 - "pre-buildpack": Passing build environment variable GOOGLE_ENTRYPOINT to buildpacks
Step #1 - "pre-buildpack": Passing build environment variable GAE_APPLICATION_YAML_PATH to buildpacks
Step #1 - "pre-buildpack": Passing build environment variable X_GOOGLE_TARGET_PLATFORM to buildpacks
Finished Step #1 - "pre-buildpack"
Starting Step #2 - "build"
Step #2 - "build": Already have image (with digest): asia-south1-docker.pkg.dev/serverless-runtimes/google-22-full/builder/python:python_20250504_RC00
Step #2 - "build": Warning: No cached data will be used, no cache specified.
Step #2 - "build": ===> ANALYZING
Step #2 - "build": Image with name "asia-south1-docker.pkg.dev/virajnew11/gae-flexible/default.20250508t134917:fc93715a-80f6-4e1b-8260-0d8ab0f32ae2" not found
Step #2 - "build": ===> DETECTING
Step #2 - "build": target distro name/version labels not found, reading /etc/os-release file
Step #2 - "build": 5 of 6 buildpacks participating
Step #2 - "build": google.config.flex       0.9.1
Step #2 - "build": google.python.runtime    0.9.1
Step #2 - "build": google.python.pip        0.9.2
Step #2 - "build": google.config.entrypoint 0.9.0
Step #2 - "build": google.utils.label-image 0.0.2
Step #2 - "build": ===> RESTORING
Step #2 - "build": Skipping buildpack layer analysis
Step #2 - "build": ===> BUILDING
Step #2 - "build": target distro name/version labels not found, reading /etc/os-release file
Step #2 - "build": === Config - Flex (google.config.flex@0.9.1) ===
Step #2 - "build": === Python - Runtime (google.python.runtime@0.9.1) ===
Step #2 - "build": layers path: /layers/google.python.runtime/python
Step #2 - "build": Python version not specified, using the latest available version.
Step #2 - "build": Installing Python v3.13.3.
Step #2 - "build": Runtime successfully downloaded from asia-south1-docker.pkg.dev/gae-runtimes/runtimes-ubuntu2204/python:3.13.3
Step #2 - "build": === Python - Pip (google.python.pip@0.9.2) ===
Step #2 - "build": ***** CACHE MISS: "pip"
Step #2 - "build": Installing application dependencies.
Step #2 - "build": Setting environment variable PYTHONUSERBASE=/layers/google.python.pip/pip
Step #2 - "build": --------------------------------------------------------------------------------
Step #2 - "build": Running "python3 -m pip install --requirement requirements.txt --upgrade --upgrade-strategy only-if-needed --no-warn-script-location --no-warn-conflicts --force-reinstall --no-compile --disable-pip-version-check --no-cache-dir --user"
Step #2 - "build": Ignoring Flask: markers 'python_version < "3.7"' don't match your environment
Step #2 - "build": Ignoring Werkzeug: markers 'python_version < "3.7"' don't match your environment
Step #2 - "build": Collecting Flask==3.0.3 (from -r requirements.txt (line 1))
Step #2 - "build":   Downloading flask-3.0.3-py3-none-any.whl.metadata (3.2 kB)
Step #2 - "build": Collecting Werkzeug==3.0.3 (from -r requirements.txt (line 3))
Step #2 - "build":   Downloading werkzeug-3.0.3-py3-none-any.whl.metadata (3.7 kB)
Step #2 - "build": Collecting gunicorn==23.0.0 (from -r requirements.txt (line 5))
Step #2 - "build":   Downloading gunicorn-23.0.0-py3-none-any.whl.metadata (4.4 kB)
Step #2 - "build": Collecting Jinja2>=3.1.2 (from Flask==3.0.3->-r requirements.txt (line 1))
Step #2 - "build":   Downloading jinja2-3.1.6-py3-none-any.whl.metadata (2.9 kB)
Step #2 - "build": Collecting itsdangerous>=2.1.2 (from Flask==3.0.3->-r requirements.txt (line 1))
Step #2 - "build":   Downloading itsdangerous-2.2.0-py3-none-any.whl.metadata (1.9 kB)
Step #2 - "build": Collecting click>=8.1.3 (from Flask==3.0.3->-r requirements.txt (line 1))
Step #2 - "build":   Downloading click-8.1.8-py3-none-any.whl.metadata (2.3 kB)
Step #2 - "build": Collecting blinker>=1.6.2 (from Flask==3.0.3->-r requirements.txt (line 1))
Step #2 - "build":   Downloading blinker-1.9.0-py3-none-any.whl.metadata (1.6 kB)
Step #2 - "build": Collecting MarkupSafe>=2.1.1 (from Werkzeug==3.0.3->-r requirements.txt (line 3))
Step #2 - "build":   Downloading MarkupSafe-3.0.2-cp313-cp313-manylinux_2_17_x86_64.manylinux2014_x86_64.whl.metadata (4.0 kB)
Step #2 - "build": Collecting packaging (from gunicorn==23.0.0->-r requirements.txt (line 5))
Step #2 - "build":   Downloading packaging-25.0-py3-none-any.whl.metadata (3.3 kB)
Step #2 - "build": Downloading flask-3.0.3-py3-none-any.whl (101 kB)
Step #2 - "build": Downloading werkzeug-3.0.3-py3-none-any.whl (227 kB)
Step #2 - "build": Downloading gunicorn-23.0.0-py3-none-any.whl (85 kB)
Step #2 - "build": Downloading blinker-1.9.0-py3-none-any.whl (8.5 kB)
Step #2 - "build": Downloading click-8.1.8-py3-none-any.whl (98 kB)
Step #2 - "build": Downloading itsdangerous-2.2.0-py3-none-any.whl (16 kB)
Step #2 - "build": Downloading jinja2-3.1.6-py3-none-any.whl (134 kB)
Step #2 - "build": Downloading MarkupSafe-3.0.2-cp313-cp313-manylinux_2_17_x86_64.manylinux2014_x86_64.whl (23 kB)
Step #2 - "build": Downloading packaging-25.0-py3-none-any.whl (66 kB)
Step #2 - "build": Installing collected packages: packaging, MarkupSafe, itsdangerous, click, blinker, Werkzeug, Jinja2, gunicorn, Flask
Step #2 - "build": Successfully installed Flask-3.0.3 Jinja2-3.1.6 MarkupSafe-3.0.2 Werkzeug-3.0.3 blinker-1.9.0 click-8.1.8 gunicorn-23.0.0 itsdangerous-2.2.0 packaging-25.0
Step #2 - "build": Done "python3 -m pip install --requirement requirements.txt --upgr..." (2.659186746s)
Step #2 - "build": --------------------------------------------------------------------------------
Step #2 - "build": Running "python3 -m compileall --invalidation-mode unchecked-hash -qq /layers/google.python.pip/pip"
Step #2 - "build": Done "python3 -m compileall --invalidation-mode unchecked-hash -qq..." (451.859011ms)
Step #2 - "build": Checking for incompatible dependencies.
Step #2 - "build": --------------------------------------------------------------------------------
Step #2 - "build": Running "python3 -m pip check"
Step #2 - "build": No broken requirements found.
Step #2 - "build": Done "python3 -m pip check" (262.35397ms)
Step #2 - "build": === Config - Entrypoint (google.config.entrypoint@0.9.0) ===
Step #2 - "build": Using entrypoint from environment variable GOOGLE_ENTRYPOINT: gunicorn -b :$PORT main:app
Step #2 - "build": === Utils - Label Image (google.utils.label-image@0.0.2) ===
Step #2 - "build": Adding image label google.run-image: asia-south1-docker.pkg.dev/serverless-runtimes/google-22-full/run:python_20250504_RC00
Step #2 - "build": Adding image label google.builder-image: asia-south1-docker.pkg.dev/serverless-runtimes/google-22-full/builder/python:python_20250504_RC00
Step #2 - "build": Adding image label google.builder-version: python_20250504_RC00
Step #2 - "build": Adding image label google.source: gs://staging.virajnew11.appspot.com/ae/fc93715a-80f6-4e1b-8260-0d8ab0f32ae2/manifest.json
Step #2 - "build": ===> EXPORTING
Step #2 - "build": Adding layer 'google.python.runtime:python'
Step #2 - "build": Adding layer 'google.python.pip:pip'
Step #2 - "build": Adding layer 'buildpacksio/lifecycle:launch.sbom'
Step #2 - "build": Added 1/1 app layer(s)
Step #2 - "build": Adding layer 'buildpacksio/lifecycle:launcher'
Step #2 - "build": Adding layer 'buildpacksio/lifecycle:config'
Step #2 - "build": Adding layer 'buildpacksio/lifecycle:process-types'
Step #2 - "build": Adding label 'io.buildpacks.lifecycle.metadata'
Step #2 - "build": Adding label 'io.buildpacks.build.metadata'
Step #2 - "build": Adding label 'io.buildpacks.project.metadata'
Step #2 - "build": Adding label 'google.run-image'
Step #2 - "build": Adding label 'google.builder-image'
Step #2 - "build": Adding label 'google.builder-version'
Step #2 - "build": Adding label 'google.source'
Step #2 - "build": Setting default process type 'web'
Step #2 - "build": Saving asia-south1-docker.pkg.dev/virajnew11/gae-flexible/default.20250508t134917:fc93715a-80f6-4e1b-8260-0d8ab0f32ae2...
Step #2 - "build": *** Images (sha256:09aa5f4599300154e7a6a20f161242fbf25a268005be56dc4c3ce7339277c18d):
Step #2 - "build":       asia-south1-docker.pkg.dev/virajnew11/gae-flexible/default.20250508t134917:fc93715a-80f6-4e1b-8260-0d8ab0f32ae2
Step #2 - "build":       asia-south1-docker.pkg.dev/virajnew11/gae-flexible/default.20250508t134917:latest
Finished Step #2 - "build"
PUSH
DONE
-------------------------------------------------------------------------------------------------------------------------------------------------------------------------------------------------
Updating service [default] (this may take several minutes)...done.                                                                                                                              
Setting traffic split for service [default]...done.                                                                                                                                             
Deployed service [default] to [https://virajnew11.el.r.appspot.com]

You can stream logs from the command line by running:
  $ gcloud app logs tail -s default

To view your application in the web browser run:
  $ gcloud app browse
g22123082@cloudshell:~/hello-world (virajnew11)$ gcloud app browse
Did not detect your browser. Go to this link to view your app:
https://virajnew11.el.r.appspot.com
g22123082@cloudshell:~/hello-world (virajnew11)$ ^C
g22123082@cloudshell:~/hello-world (virajnew11)$ 